// Jest Snapshot v1, https://goo.gl/fbAQLP

exports[`App Test SnapShot Test 1`] = `
Object {
  "asFragment": [Function],
  "baseElement": <body>
    <div>
      <div
        class="App"
      >
        <h1>
          Dog Manager
        </h1>
        <form>
          <input
            data-testid="dogsname"
            placeholder="Dog's Name"
            type="text"
            value=""
          />
          <input
            data-testid="dogsage"
            placeholder="Dog's Age"
            type="number"
            value=""
          />
          <button
            data-testid="submitdogslist"
            type="submit"
          >
            Submit
          </button>
        </form>
        <div>
          <h2>
            Dog's List
          </h2>
          <ul />
          <p>
            Last List Updated time: 
            never
          </p>
        </div>
        <button
          data-testid="send-button"
        >
          Send Data to Backend
        </button>
      </div>
    </div>
  </body>,
  "container": <div>
    <div
      class="App"
    >
      <h1>
        Dog Manager
      </h1>
      <form>
        <input
          data-testid="dogsname"
          placeholder="Dog's Name"
          type="text"
          value=""
        />
        <input
          data-testid="dogsage"
          placeholder="Dog's Age"
          type="number"
          value=""
        />
        <button
          data-testid="submitdogslist"
          type="submit"
        >
          Submit
        </button>
      </form>
      <div>
        <h2>
          Dog's List
        </h2>
        <ul />
        <p>
          Last List Updated time: 
          never
        </p>
      </div>
      <button
        data-testid="send-button"
      >
        Send Data to Backend
      </button>
    </div>
  </div>,
  "debug": [Function],
  "findAllByAltText": [Function],
  "findAllByDisplayValue": [Function],
  "findAllByLabelText": [Function],
  "findAllByPlaceholderText": [Function],
  "findAllByRole": [Function],
  "findAllByTestId": [Function],
  "findAllByText": [Function],
  "findAllByTitle": [Function],
  "findByAltText": [Function],
  "findByDisplayValue": [Function],
  "findByLabelText": [Function],
  "findByPlaceholderText": [Function],
  "findByRole": [Function],
  "findByTestId": [Function],
  "findByText": [Function],
  "findByTitle": [Function],
  "getAllByAltText": [Function],
  "getAllByDisplayValue": [Function],
  "getAllByLabelText": [Function],
  "getAllByPlaceholderText": [Function],
  "getAllByRole": [Function],
  "getAllByTestId": [Function],
  "getAllByText": [Function],
  "getAllByTitle": [Function],
  "getByAltText": [Function],
  "getByDisplayValue": [Function],
  "getByLabelText": [Function],
  "getByPlaceholderText": [Function],
  "getByRole": [Function],
  "getByTestId": [Function],
  "getByText": [Function],
  "getByTitle": [Function],
  "queryAllByAltText": [Function],
  "queryAllByDisplayValue": [Function],
  "queryAllByLabelText": [Function],
  "queryAllByPlaceholderText": [Function],
  "queryAllByRole": [Function],
  "queryAllByTestId": [Function],
  "queryAllByText": [Function],
  "queryAllByTitle": [Function],
  "queryByAltText": [Function],
  "queryByDisplayValue": [Function],
  "queryByLabelText": [Function],
  "queryByPlaceholderText": [Function],
  "queryByRole": [Function],
  "queryByTestId": [Function],
  "queryByText": [Function],
  "queryByTitle": [Function],
  "rerender": [Function],
  "unmount": [Function],
}
`;

exports[`App Test Valadidate app SnapShot Test 1`] = `
Object {
  "asFragment": [Function],
  "baseElement": <body>
    <div>
      <div
        class="App"
      >
        <h1>
          Dog Manager
        </h1>
        <form>
          <input
            data-testid="dogsname"
            placeholder="Dog's Name"
            type="text"
            value=""
          />
          <input
            data-testid="dogsage"
            placeholder="Dog's Age"
            type="number"
            value=""
          />
          <button
            data-testid="submitdogslist"
            type="submit"
          >
            Submit
          </button>
        </form>
        <div>
          <h2>
            Dog's List
          </h2>
          <ul />
          <p>
            Last List Updated time: 
            never
          </p>
        </div>
        <button
          data-testid="send-button"
        >
          Send Data to Backend
        </button>
      </div>
    </div>
  </body>,
  "container": <div>
    <div
      class="App"
    >
      <h1>
        Dog Manager
      </h1>
      <form>
        <input
          data-testid="dogsname"
          placeholder="Dog's Name"
          type="text"
          value=""
        />
        <input
          data-testid="dogsage"
          placeholder="Dog's Age"
          type="number"
          value=""
        />
        <button
          data-testid="submitdogslist"
          type="submit"
        >
          Submit
        </button>
      </form>
      <div>
        <h2>
          Dog's List
        </h2>
        <ul />
        <p>
          Last List Updated time: 
          never
        </p>
      </div>
      <button
        data-testid="send-button"
      >
        Send Data to Backend
      </button>
    </div>
  </div>,
  "debug": [Function],
  "findAllByAltText": [Function],
  "findAllByDisplayValue": [Function],
  "findAllByLabelText": [Function],
  "findAllByPlaceholderText": [Function],
  "findAllByRole": [Function],
  "findAllByTestId": [Function],
  "findAllByText": [Function],
  "findAllByTitle": [Function],
  "findByAltText": [Function],
  "findByDisplayValue": [Function],
  "findByLabelText": [Function],
  "findByPlaceholderText": [Function],
  "findByRole": [Function],
  "findByTestId": [Function],
  "findByText": [Function],
  "findByTitle": [Function],
  "getAllByAltText": [Function],
  "getAllByDisplayValue": [Function],
  "getAllByLabelText": [Function],
  "getAllByPlaceholderText": [Function],
  "getAllByRole": [Function],
  "getAllByTestId": [Function],
  "getAllByText": [Function],
  "getAllByTitle": [Function],
  "getByAltText": [Function],
  "getByDisplayValue": [Function],
  "getByLabelText": [Function],
  "getByPlaceholderText": [Function],
  "getByRole": [Function],
  "getByTestId": [Function],
  "getByText": [Function],
  "getByTitle": [Function],
  "queryAllByAltText": [Function],
  "queryAllByDisplayValue": [Function],
  "queryAllByLabelText": [Function],
  "queryAllByPlaceholderText": [Function],
  "queryAllByRole": [Function],
  "queryAllByTestId": [Function],
  "queryAllByText": [Function],
  "queryAllByTitle": [Function],
  "queryByAltText": [Function],
  "queryByDisplayValue": [Function],
  "queryByLabelText": [Function],
  "queryByPlaceholderText": [Function],
  "queryByRole": [Function],
  "queryByTestId": [Function],
  "queryByText": [Function],
  "queryByTitle": [Function],
  "rerender": [Function],
  "unmount": [Function],
}
`;

exports[`App Test Valadidate app Snapshot test 1`] = `
Object {
  "asFragment": [Function],
  "baseElement": <body>
    <div>
      <div
        class="App"
      >
        <h1>
          Dog Manager
        </h1>
        <form>
          <input
            data-testid="dogsname"
            placeholder="Dog's Name"
            type="text"
            value=""
          />
          <input
            data-testid="dogsage"
            placeholder="Dog's Age"
            type="number"
            value=""
          />
          <button
            data-testid="submitdogslist"
            type="submit"
          >
            Submit
          </button>
        </form>
        <div>
          <h2>
            Dog's List
          </h2>
          <ul />
          <p>
            Last List Updated time: 
            never
          </p>
        </div>
        <button
          data-testid="send-button"
        >
          Send Data to Backend
        </button>
      </div>
    </div>
  </body>,
  "container": <div>
    <div
      class="App"
    >
      <h1>
        Dog Manager
      </h1>
      <form>
        <input
          data-testid="dogsname"
          placeholder="Dog's Name"
          type="text"
          value=""
        />
        <input
          data-testid="dogsage"
          placeholder="Dog's Age"
          type="number"
          value=""
        />
        <button
          data-testid="submitdogslist"
          type="submit"
        >
          Submit
        </button>
      </form>
      <div>
        <h2>
          Dog's List
        </h2>
        <ul />
        <p>
          Last List Updated time: 
          never
        </p>
      </div>
      <button
        data-testid="send-button"
      >
        Send Data to Backend
      </button>
    </div>
  </div>,
  "debug": [Function],
  "findAllByAltText": [Function],
  "findAllByDisplayValue": [Function],
  "findAllByLabelText": [Function],
  "findAllByPlaceholderText": [Function],
  "findAllByRole": [Function],
  "findAllByTestId": [Function],
  "findAllByText": [Function],
  "findAllByTitle": [Function],
  "findByAltText": [Function],
  "findByDisplayValue": [Function],
  "findByLabelText": [Function],
  "findByPlaceholderText": [Function],
  "findByRole": [Function],
  "findByTestId": [Function],
  "findByText": [Function],
  "findByTitle": [Function],
  "getAllByAltText": [Function],
  "getAllByDisplayValue": [Function],
  "getAllByLabelText": [Function],
  "getAllByPlaceholderText": [Function],
  "getAllByRole": [Function],
  "getAllByTestId": [Function],
  "getAllByText": [Function],
  "getAllByTitle": [Function],
  "getByAltText": [Function],
  "getByDisplayValue": [Function],
  "getByLabelText": [Function],
  "getByPlaceholderText": [Function],
  "getByRole": [Function],
  "getByTestId": [Function],
  "getByText": [Function],
  "getByTitle": [Function],
  "queryAllByAltText": [Function],
  "queryAllByDisplayValue": [Function],
  "queryAllByLabelText": [Function],
  "queryAllByPlaceholderText": [Function],
  "queryAllByRole": [Function],
  "queryAllByTestId": [Function],
  "queryAllByText": [Function],
  "queryAllByTitle": [Function],
  "queryByAltText": [Function],
  "queryByDisplayValue": [Function],
  "queryByLabelText": [Function],
  "queryByPlaceholderText": [Function],
  "queryByRole": [Function],
  "queryByTestId": [Function],
  "queryByText": [Function],
  "queryByTitle": [Function],
  "rerender": [Function],
  "unmount": [Function],
}
`;
